ubuntu@ip-172-31-17-83:~$ sudo apt-get update
Hit:1 https://download.docker.com/linux/ubuntu xenial InRelease
Hit:2 http://archive.ubuntu.com/ubuntu xenial InRelease
Get:3 http://security.ubuntu.com/ubuntu xenial-security InRelease [109 kB]
Get:4 http://archive.ubuntu.com/ubuntu xenial-updates InRelease [109 kB]
Get:5 http://archive.ubuntu.com/ubuntu xenial-backports InRelease [107 kB]
Get:6 http://security.ubuntu.com/ubuntu xenial-security/main Sources [154 kB]
Get:7 http://archive.ubuntu.com/ubuntu xenial-updates/main Sources [340 kB]
Get:8 http://archive.ubuntu.com/ubuntu xenial-updates/main amd64 Packages [1,024 kB]
Get:9 http://security.ubuntu.com/ubuntu xenial-security/main amd64 Packages [737 kB]
Get:10 http://archive.ubuntu.com/ubuntu xenial-updates/universe amd64 Packages [763 kB]
Get:11 http://security.ubuntu.com/ubuntu xenial-security/main Translation-en [288 kB]
Fetched 3,631 kB in 3s (932 kB/s)
Reading package lists... Done
ubuntu@ip-172-31-17-83:~$ sudo apt-get install software-properties-common
Reading package lists... Done
Building dependency tree
Reading state information... Done
The following additional packages will be installed:
  python3-software-properties
The following packages will be upgraded:
  python3-software-properties software-properties-common
2 upgraded, 0 newly installed, 0 to remove and 126 not upgraded.
Need to get 29.6 kB of archives.
After this operation, 1,024 B of additional disk space will be used.
Do you want to continue? [Y/n]
Get:1 http://archive.ubuntu.com/ubuntu xenial-updates/main amd64 software-properties-common all 0.96.20.9 [9,452 B]
Get:2 http://archive.ubuntu.com/ubuntu xenial-updates/main amd64 python3-software-properties all 0.96.20.9 [20.1 kB]
Fetched 29.6 kB in 0s (54.8 kB/s)
(Reading database ... 81411 files and directories currently installed.)
Preparing to unpack .../software-properties-common_0.96.20.9_all.deb ...
Unpacking software-properties-common (0.96.20.9) over (0.96.20.5) ...
Preparing to unpack .../python3-software-properties_0.96.20.9_all.deb ...
Unpacking python3-software-properties (0.96.20.9) over (0.96.20.5) ...
Processing triggers for man-db (2.7.5-1) ...
Processing triggers for dbus (1.10.6-1ubuntu3.4) ...
Setting up python3-software-properties (0.96.20.9) ...
Setting up software-properties-common (0.96.20.9) ...
ubuntu@ip-172-31-17-83:~$ sudo add-apt-repository universe
'universe' distribution component is already enabled for all sources.
ubuntu@ip-172-31-17-83:~$ sudo add-apt-repository ppa:certbot/certbot
 This is the PPA for packages prepared by Debian Let's Encrypt Team and backported for Ubuntu(s).
 More info: https://launchpad.net/~certbot/+archive/ubuntu/certbot
Press [ENTER] to continue or ctrl-c to cancel adding it

gpg: keyring `/tmp/tmpjd967pn4/secring.gpg' created
gpg: keyring `/tmp/tmpjd967pn4/pubring.gpg' created
gpg: requesting key 75BCA694 from hkp server keyserver.ubuntu.com
gpg: /tmp/tmpjd967pn4/trustdb.gpg: trustdb created
gpg: key 75BCA694: public key "Launchpad PPA for certbot" imported
gpg: Total number processed: 1
gpg:               imported: 1  (RSA: 1)
OK
ubuntu@ip-172-31-17-83:~$ sudo apt-get update
Hit:1 https://download.docker.com/linux/ubuntu xenial InRelease
Hit:2 http://security.ubuntu.com/ubuntu xenial-security InRelease                                                   
Get:3 http://ppa.launchpad.net/certbot/certbot/ubuntu xenial InRelease [24.3 kB]
Hit:4 http://archive.ubuntu.com/ubuntu xenial InRelease
Hit:5 http://archive.ubuntu.com/ubuntu xenial-updates InRelease
Get:6 http://ppa.launchpad.net/certbot/certbot/ubuntu xenial/main amd64 Packages [18.6 kB]
Hit:7 http://archive.ubuntu.com/ubuntu xenial-backports InRelease
Get:8 http://ppa.launchpad.net/certbot/certbot/ubuntu xenial/main Translation-en [11.0 kB]
Fetched 53.9 kB in 1s (39.3 kB/s)
Reading package lists... Done
ubuntu@ip-172-31-17-83:~$ sudo apt-get install certbot
Reading package lists... Done
Building dependency tree
Reading state information... Done
The following additional packages will be installed:
  python3-acme python3-asn1crypto python3-certbot python3-configargparse python3-cryptography python3-funcsigs python3-future python3-icu python3-idna python3-josepy python3-mock python3-ndg-httpsclient python3-openssl
  python3-parsedatetime python3-pbr python3-requests-toolbelt python3-rfc3339 python3-tz python3-zope.component python3-zope.event python3-zope.hookable python3-zope.interface
Suggested packages:
  python3-certbot-apache python3-certbot-nginx python-certbot-doc python-acme-doc python-cryptography-doc python3-cryptography-vectors python-funcsigs-doc python-future-doc python-mock-doc python-openssl-doc python3-openssl-dbg
The following NEW packages will be installed:
  certbot python3-acme python3-asn1crypto python3-certbot python3-configargparse python3-funcsigs python3-future python3-icu python3-josepy python3-mock python3-ndg-httpsclient python3-openssl python3-parsedatetime python3-pbr
  python3-requests-toolbelt python3-rfc3339 python3-tz python3-zope.component python3-zope.event python3-zope.hookable python3-zope.interface
The following packages will be upgraded:
  python3-cryptography python3-idna
2 upgraded, 21 newly installed, 0 to remove and 134 not upgraded.
Need to get 1,561 kB of archives.
After this operation, 7,208 kB of additional disk space will be used.
Do you want to continue? [Y/n]
Get:1 http://ppa.launchpad.net/certbot/certbot/ubuntu xenial/main amd64 python3-asn1crypto all 0.22.0-2+ubuntu16.04.1+certbot+1 [70.3 kB]
Get:2 http://archive.ubuntu.com/ubuntu xenial/universe amd64 python3-funcsigs all 0.4-2 [12.6 kB]
Get:3 http://archive.ubuntu.com/ubuntu xenial/main amd64 python3-pbr all 1.8.0-4ubuntu1 [33.4 kB]
Get:4 http://ppa.launchpad.net/certbot/certbot/ubuntu xenial/main amd64 python3-idna all 2.5-1+ubuntu16.04.1+certbot+1 [31.6 kB]
Get:5 http://archive.ubuntu.com/ubuntu xenial/universe amd64 python3-mock all 1.3.0-2.1ubuntu1 [46.6 kB]
Get:6 http://ppa.launchpad.net/certbot/certbot/ubuntu xenial/main amd64 python3-cryptography amd64 1.9-1+ubuntu16.04.1+certbot+2 [211 kB]
Get:7 http://archive.ubuntu.com/ubuntu xenial/main amd64 python3-tz all 2014.10~dfsg1-0ubuntu2 [24.6 kB]
Get:8 http://archive.ubuntu.com/ubuntu xenial/universe amd64 python3-zope.event all 4.2.0-1 [7,402 B]
Get:9 http://ppa.launchpad.net/certbot/certbot/ubuntu xenial/main amd64 python3-openssl all 17.3.0-1~0+ubuntu16.04.1+certbot+1 [47.6 kB]
Get:10 http://archive.ubuntu.com/ubuntu xenial/main amd64 python3-icu amd64 1.9.2-2build1 [177 kB]
Get:11 http://ppa.launchpad.net/certbot/certbot/ubuntu xenial/main amd64 python3-josepy all 1.1.0-2+ubuntu16.04.1+certbot+1 [27.9 kB]
Get:12 http://ppa.launchpad.net/certbot/certbot/ubuntu xenial/main amd64 python3-requests-toolbelt all 0.8.0-1+ubuntu16.04.1+certbot+1 [38.3 kB]
Get:13 http://ppa.launchpad.net/certbot/certbot/ubuntu xenial/main amd64 python3-rfc3339 all 1.0-4+certbot~xenial+1 [6,412 B]
Get:14 http://ppa.launchpad.net/certbot/certbot/ubuntu xenial/main amd64 python3-acme all 0.31.0-1+ubuntu16.04.1+certbot+1 [49.7 kB]
Get:15 http://ppa.launchpad.net/certbot/certbot/ubuntu xenial/main amd64 python3-ndg-httpsclient all 0.4.2-1+certbot~xenial+1 [24.7 kB]
Get:16 http://ppa.launchpad.net/certbot/certbot/ubuntu xenial/main amd64 python3-configargparse all 0.11.0-1+certbot~xenial+1 [22.4 kB]
Get:17 http://ppa.launchpad.net/certbot/certbot/ubuntu xenial/main amd64 python3-future all 0.15.2-4+ubuntu16.04.1+certbot+3 [334 kB]
Get:18 http://ppa.launchpad.net/certbot/certbot/ubuntu xenial/main amd64 python3-parsedatetime all 2.4-3+ubuntu16.04.1+certbot+3 [32.3 kB]
Get:19 http://ppa.launchpad.net/certbot/certbot/ubuntu xenial/main amd64 python3-zope.hookable amd64 4.0.4-4+ubuntu16.04.1+certbot+1 [9,442 B]
Get:20 http://ppa.launchpad.net/certbot/certbot/ubuntu xenial/main amd64 python3-zope.interface amd64 4.3.2-1+ubuntu16.04.1+certbot+1 [90.3 kB]
Get:21 http://ppa.launchpad.net/certbot/certbot/ubuntu xenial/main amd64 python3-zope.component all 4.3.0-1+ubuntu16.04.1+certbot+3 [43.3 kB]
Get:22 http://ppa.launchpad.net/certbot/certbot/ubuntu xenial/main amd64 python3-certbot all 0.31.0-1+ubuntu16.04.1+certbot+1 [209 kB]
Get:23 http://ppa.launchpad.net/certbot/certbot/ubuntu xenial/main amd64 certbot all 0.31.0-1+ubuntu16.04.1+certbot+1 [11.0 kB]
Fetched 1,561 kB in 10s (153 kB/s)                                                                                  
Selecting previously unselected package python3-asn1crypto.
(Reading database ... 81411 files and directories currently installed.)
Preparing to unpack .../python3-asn1crypto_0.22.0-2+ubuntu16.04.1+certbot+1_all.deb ...
Unpacking python3-asn1crypto (0.22.0-2+ubuntu16.04.1+certbot+1) ...
Preparing to unpack .../python3-idna_2.5-1+ubuntu16.04.1+certbot+1_all.deb ...
Unpacking python3-idna (2.5-1+ubuntu16.04.1+certbot+1) over (2.0-3) ...
Preparing to unpack .../python3-cryptography_1.9-1+ubuntu16.04.1+certbot+2_amd64.deb ...
Unpacking python3-cryptography (1.9-1+ubuntu16.04.1+certbot+2) over (1.2.3-1ubuntu0.2) ...
Selecting previously unselected package python3-openssl.
Preparing to unpack .../python3-openssl_17.3.0-1~0+ubuntu16.04.1+certbot+1_all.deb ...
Unpacking python3-openssl (17.3.0-1~0+ubuntu16.04.1+certbot+1) ...
Selecting previously unselected package python3-josepy.
Preparing to unpack .../python3-josepy_1.1.0-2+ubuntu16.04.1+certbot+1_all.deb ...
Unpacking python3-josepy (1.1.0-2+ubuntu16.04.1+certbot+1) ...
Selecting previously unselected package python3-funcsigs.
Preparing to unpack .../python3-funcsigs_0.4-2_all.deb ...
Unpacking python3-funcsigs (0.4-2) ...
Selecting previously unselected package python3-pbr.
Preparing to unpack .../python3-pbr_1.8.0-4ubuntu1_all.deb ...
Unpacking python3-pbr (1.8.0-4ubuntu1) ...
Selecting previously unselected package python3-mock.
Preparing to unpack .../python3-mock_1.3.0-2.1ubuntu1_all.deb ...
Unpacking python3-mock (1.3.0-2.1ubuntu1) ...
Selecting previously unselected package python3-requests-toolbelt.
Preparing to unpack .../python3-requests-toolbelt_0.8.0-1+ubuntu16.04.1+certbot+1_all.deb ...
Unpacking python3-requests-toolbelt (0.8.0-1+ubuntu16.04.1+certbot+1) ...
Selecting previously unselected package python3-tz.
Preparing to unpack .../python3-tz_2014.10~dfsg1-0ubuntu2_all.deb ...
Unpacking python3-tz (2014.10~dfsg1-0ubuntu2) ...
Selecting previously unselected package python3-rfc3339.
Preparing to unpack .../python3-rfc3339_1.0-4+certbot~xenial+1_all.deb ...
Unpacking python3-rfc3339 (1.0-4+certbot~xenial+1) ...
Selecting previously unselected package python3-acme.
Preparing to unpack .../python3-acme_0.31.0-1+ubuntu16.04.1+certbot+1_all.deb ...
Unpacking python3-acme (0.31.0-1+ubuntu16.04.1+certbot+1) ...
Selecting previously unselected package python3-ndg-httpsclient.
Preparing to unpack .../python3-ndg-httpsclient_0.4.2-1+certbot~xenial+1_all.deb ...
Unpacking python3-ndg-httpsclient (0.4.2-1+certbot~xenial+1) ...
Selecting previously unselected package python3-configargparse.
Preparing to unpack .../python3-configargparse_0.11.0-1+certbot~xenial+1_all.deb ...
Unpacking python3-configargparse (0.11.0-1+certbot~xenial+1) ...
Selecting previously unselected package python3-future.
Preparing to unpack .../python3-future_0.15.2-4+ubuntu16.04.1+certbot+3_all.deb ...
Unpacking python3-future (0.15.2-4+ubuntu16.04.1+certbot+3) ...
Selecting previously unselected package python3-parsedatetime.
Preparing to unpack .../python3-parsedatetime_2.4-3+ubuntu16.04.1+certbot+3_all.deb ...
Unpacking python3-parsedatetime (2.4-3+ubuntu16.04.1+certbot+3) ...
Selecting previously unselected package python3-zope.hookable.
Preparing to unpack .../python3-zope.hookable_4.0.4-4+ubuntu16.04.1+certbot+1_amd64.deb ...
Unpacking python3-zope.hookable (4.0.4-4+ubuntu16.04.1+certbot+1) ...
Selecting previously unselected package python3-zope.interface.
Preparing to unpack .../python3-zope.interface_4.3.2-1+ubuntu16.04.1+certbot+1_amd64.deb ...
Unpacking python3-zope.interface (4.3.2-1+ubuntu16.04.1+certbot+1) ...
Selecting previously unselected package python3-zope.event.
Preparing to unpack .../python3-zope.event_4.2.0-1_all.deb ...
Unpacking python3-zope.event (4.2.0-1) ...
Selecting previously unselected package python3-zope.component.
Preparing to unpack .../python3-zope.component_4.3.0-1+ubuntu16.04.1+certbot+3_all.deb ...
Unpacking python3-zope.component (4.3.0-1+ubuntu16.04.1+certbot+3) ...
Selecting previously unselected package python3-certbot.
Preparing to unpack .../python3-certbot_0.31.0-1+ubuntu16.04.1+certbot+1_all.deb ...
Unpacking python3-certbot (0.31.0-1+ubuntu16.04.1+certbot+1) ...
Selecting previously unselected package certbot.
Preparing to unpack .../certbot_0.31.0-1+ubuntu16.04.1+certbot+1_all.deb ...
Unpacking certbot (0.31.0-1+ubuntu16.04.1+certbot+1) ...
Selecting previously unselected package python3-icu.
Preparing to unpack .../python3-icu_1.9.2-2build1_amd64.deb ...
Unpacking python3-icu (1.9.2-2build1) ...
Processing triggers for man-db (2.7.5-1) ...
Setting up python3-asn1crypto (0.22.0-2+ubuntu16.04.1+certbot+1) ...
Setting up python3-idna (2.5-1+ubuntu16.04.1+certbot+1) ...
Setting up python3-cryptography (1.9-1+ubuntu16.04.1+certbot+2) ...
Setting up python3-openssl (17.3.0-1~0+ubuntu16.04.1+certbot+1) ...
Setting up python3-josepy (1.1.0-2+ubuntu16.04.1+certbot+1) ...
Setting up python3-funcsigs (0.4-2) ...
Setting up python3-pbr (1.8.0-4ubuntu1) ...
update-alternatives: using /usr/bin/python3-pbr to provide /usr/bin/pbr (pbr) in auto mode
Setting up python3-mock (1.3.0-2.1ubuntu1) ...
Setting up python3-requests-toolbelt (0.8.0-1+ubuntu16.04.1+certbot+1) ...
Setting up python3-tz (2014.10~dfsg1-0ubuntu2) ...
Setting up python3-rfc3339 (1.0-4+certbot~xenial+1) ...
Setting up python3-acme (0.31.0-1+ubuntu16.04.1+certbot+1) ...
Setting up python3-ndg-httpsclient (0.4.2-1+certbot~xenial+1) ...
Setting up python3-configargparse (0.11.0-1+certbot~xenial+1) ...
Setting up python3-future (0.15.2-4+ubuntu16.04.1+certbot+3) ...
update-alternatives: using /usr/bin/python3-futurize to provide /usr/bin/futurize (futurize) in auto mode
update-alternatives: using /usr/bin/python3-pasteurize to provide /usr/bin/pasteurize (pasteurize) in auto mode
Setting up python3-parsedatetime (2.4-3+ubuntu16.04.1+certbot+3) ...
Setting up python3-zope.hookable (4.0.4-4+ubuntu16.04.1+certbot+1) ...
Setting up python3-zope.interface (4.3.2-1+ubuntu16.04.1+certbot+1) ...
Setting up python3-zope.event (4.2.0-1) ...
Setting up python3-zope.component (4.3.0-1+ubuntu16.04.1+certbot+3) ...
Setting up python3-certbot (0.31.0-1+ubuntu16.04.1+certbot+1) ...
Setting up certbot (0.31.0-1+ubuntu16.04.1+certbot+1) ...
certbot.service is a disabled or a static unit, not starting it.
Setting up python3-icu (1.9.2-2build1) ...
ubuntu@ip-172-31-17-83:~$ sudo certbot certonly --standalone
Saving debug log to /var/log/letsencrypt/letsencrypt.log
Plugins selected: Authenticator standalone, Installer None
Enter email address (used for urgent renewal and security notices) (Enter 'c' to
cancel): chintaninbay@outlook.com
Starting new HTTPS connection (1): acme-v02.api.letsencrypt.org

- - - - - - - - - - - - - - - - - - - - - - - - - - - - - - - - - - - - - - - -
Please read the Terms of Service at
https://letsencrypt.org/documents/LE-SA-v1.2-November-15-2017.pdf. You must
agree in order to register with the ACME server at
https://acme-v02.api.letsencrypt.org/directory
- - - - - - - - - - - - - - - - - - - - - - - - - - - - - - - - - - - - - - - -
(A)gree/(C)ancel: A

- - - - - - - - - - - - - - - - - - - - - - - - - - - - - - - - - - - - - - - -
Would you be willing to share your email address with the Electronic Frontier
Foundation, a founding partner of the Let's Encrypt project and the non-profit
organization that develops Certbot? We'd like to send you email about our work
encrypting the web, EFF news, campaigns, and ways to support digital freedom.
- - - - - - - - - - - - - - - - - - - - - - - - - - - - - - - - - - - - - - - -
(Y)es/(N)o: Y
Starting new HTTPS connection (1): supporters.eff.org
Please enter in your domain name(s) (comma and/or space separated)  (Enter 'c'
to cancel): ingresspipe.io
Obtaining a new certificate
Performing the following challenges:
http-01 challenge for ingresspipe.io
Waiting for verification...
Cleaning up challenges
Resetting dropped connection: acme-v02.api.letsencrypt.org

IMPORTANT NOTES:
 - Congratulations! Your certificate and chain have been saved at:
   /etc/letsencrypt/live/ingresspipe.io/fullchain.pem
   Your key file has been saved at:
   /etc/letsencrypt/live/ingresspipe.io/privkey.pem
   Your cert will expire on 2019-12-10. To obtain a new or tweaked
   version of this certificate in the future, simply run certbot
   again. To non-interactively renew *all* of your certificates, run
   "certbot renew"
 - Your account credentials have been saved in your Certbot
   configuration directory at /etc/letsencrypt. You should make a
   secure backup of this folder now. This configuration directory will
   also contain certificates and private keys obtained by Certbot so
   making regular backups of this folder is ideal.
 - If you like Certbot, please consider supporting our work by:

   Donating to ISRG / Let's Encrypt:   https://letsencrypt.org/donate
   Donating to EFF:                    https://eff.org/donate-le

ubuntu@ip-172-31-17-83:~$ ls /etc/letsencrypt/live/ingresspipe.io/privkey.pem
ls: cannot access '/etc/letsencrypt/live/ingresspipe.io/privkey.pem': Permission denied
